Component: ARM Compiler 6.16 Tool: armlink [5dfeaa00]

==============================================================================

Section Cross References

    i2c.o(.text) refers to i2c.o(.bss.error) for [Anonymous Symbol]
    i2c.o(.text) refers to i2c.o(.bss.dummy) for dummy
    i2c.o(.ARM.exidx) refers to i2c.o(.text) for [Anonymous Symbol]
    lcd1602.o(.text) refers to i2c.o(.text) for I2C_Init
    lcd1602.o(.text) refers to lcd1602.o(.bss.pcf_address) for [Anonymous Symbol]
    lcd1602.o(.text) refers to aeabi_sdivfast.o(.text_divfast) for __aeabi_idiv
    lcd1602.o(.text) refers to lcd1602.o(.data.lcd_backlight) for [Anonymous Symbol]
    lcd1602.o(.text) refers to lcd1602.o(.data.PL_CH_a_) for PL_CH_a_
    lcd1602.o(.text) refers to lcd1602.o(.data.PL_CH_c_) for PL_CH_c_
    lcd1602.o(.text) refers to lcd1602.o(.data.PL_CH_e_) for PL_CH_e_
    lcd1602.o(.text) refers to lcd1602.o(.data.PL_CH_l_) for PL_CH_l_
    lcd1602.o(.text) refers to lcd1602.o(.data.PL_CH_n_) for PL_CH_n_
    lcd1602.o(.text) refers to lcd1602.o(.data.PL_CH_o_) for PL_CH_o_
    lcd1602.o(.text) refers to lcd1602.o(.data.PL_CH_s_) for PL_CH_s_
    lcd1602.o(.text) refers to lcd1602.o(.data.PL_CH_z_) for PL_CH_z_
    lcd1602.o(.ARM.exidx) refers to lcd1602.o(.text) for [Anonymous Symbol]
    main.o(.text) refers to lcd1602.o(.text) for LCD1602_ClearAll
    main.o(.text) refers to wyniki.o(.text) for compare_hands
    main.o(.text) refers to main.o(.rodata.str1.1) for [Anonymous Symbol]
    main.o(.text) refers to klaw.o(.text) for Klaw_Init
    main.o(.text) refers to rand.o(.text) for srand
    main.o(.text) refers to dice.o(.text) for roll_all
    main.o(.text) refers to lcd_ui.o(.text) for draw_player
    main.o(.text) refers to main.o(.bss.dice_p1) for dice_p1
    main.o(.text) refers to main.o(.bss.dice_p2) for dice_p2
    main.o(.text) refers to main.o(.bss.phase_result) for phase_result
    main.o(.text) refers to klaw.o(.bss.S2_press) for S2_press
    main.o(.text) refers to main.o(.bss.cursor_active) for cursor_active
    main.o(.text) refers to main.o(.bss.cursor) for cursor
    main.o(.text) refers to main.o(.bss.player) for player
    main.o(.text) refers to main.o(.data.redraw) for redraw
    main.o(.text) refers to klaw.o(.bss.S3_press) for S3_press
    main.o(.text) refers to main.o(.bss.sel_p1) for sel_p1
    main.o(.text) refers to main.o(.bss.sel_p2) for sel_p2
    main.o(.text) refers to klaw.o(.bss.S4_press) for S4_press
    main.o(.text) refers to main.o(.bss.reroll_count) for reroll_count
    main.o(.ARM.exidx) refers to main.o(.text) for [Anonymous Symbol]
    klaw.o(.text) refers to klaw.o(.bss.S1_press) for S1_press
    klaw.o(.text) refers to klaw.o(.bss.S2_press) for S2_press
    klaw.o(.text) refers to klaw.o(.bss.S3_press) for S3_press
    klaw.o(.text) refers to klaw.o(.bss.S4_press) for S4_press
    klaw.o(.ARM.exidx) refers to klaw.o(.text) for [Anonymous Symbol]
    wyniki.o(.text) refers to wyniki.o(.rodata.str1.1) for [Anonymous Symbol]
    wyniki.o(.ARM.exidx) refers to wyniki.o(.text) for [Anonymous Symbol]
    dice.o(.text) refers to rand.o(.emb_text) for rand
    dice.o(.text) refers to aeabi_sdivfast.o(.text) for __aeabi_idivmod
    dice.o(.ARM.exidx) refers to dice.o(.text) for [Anonymous Symbol]
    lcd_ui.o(.text) refers to lcd1602.o(.text) for LCD1602_SetCursor
    lcd_ui.o(.ARM.exidx) refers to lcd_ui.o(.text) for [Anonymous Symbol]
    startup_mkl05z4.o(STACK) refers (Special) to heapauxi.o(.text) for __use_two_region_memory
    startup_mkl05z4.o(HEAP) refers (Special) to heapauxi.o(.text) for __use_two_region_memory
    startup_mkl05z4.o(RESET) refers (Special) to heapauxi.o(.text) for __use_two_region_memory
    startup_mkl05z4.o(RESET) refers to startup_mkl05z4.o(STACK) for __initial_sp
    startup_mkl05z4.o(RESET) refers to startup_mkl05z4.o(.text) for Reset_Handler
    startup_mkl05z4.o(RESET) refers to klaw.o(.text) for PORTA_IRQHandler
    startup_mkl05z4.o(.ARM.__at_0x400) refers (Special) to heapauxi.o(.text) for __use_two_region_memory
    startup_mkl05z4.o(.text) refers (Special) to heapauxi.o(.text) for __use_two_region_memory
    startup_mkl05z4.o(.text) refers to system_mkl05z4.o(.text) for SystemInit
    startup_mkl05z4.o(.text) refers to __main.o(!!!main) for __main
    startup_mkl05z4.o(.text) refers to startup_mkl05z4.o(HEAP) for Heap_Mem
    startup_mkl05z4.o(.text) refers to startup_mkl05z4.o(STACK) for Stack_Mem
    system_mkl05z4.o(.text) refers to aeabi_sdivfast.o(.text_divfast) for __aeabi_uidiv
    system_mkl05z4.o(.text) refers to system_mkl05z4.o(.data.SystemCoreClock) for SystemCoreClock
    system_mkl05z4.o(.ARM.exidx) refers to system_mkl05z4.o(.text) for [Anonymous Symbol]
    rand.o(.emb_text) refers (Special) to libinit2.o(.ARM.Collect$$libinit$$0000000D) for __rt_lib_init_rand_2
    rand.o(.emb_text) refers to rand.o(.text) for _rand_init
    rand.o(.emb_text) refers to rand.o(.bss) for _random_number_data
    rand.o(.text) refers (Special) to libinit2.o(.ARM.Collect$$libinit$$0000000D) for __rt_lib_init_rand_2
    rand.o(.text) refers to rand.o(.bss) for .bss
    rand.o(.bss) refers (Special) to libinit2.o(.ARM.Collect$$libinit$$0000000D) for __rt_lib_init_rand_2
    __main.o(!!!main) refers to __rtentry.o(.ARM.Collect$$rtentry$$00000000) for __rt_entry
    __rtentry.o(.ARM.Collect$$rtentry$$00000000) refers (Special) to __rtentry2.o(.ARM.Collect$$rtentry$$0000000A) for __rt_entry_li
    __rtentry.o(.ARM.Collect$$rtentry$$00000000) refers (Special) to __rtentry2.o(.ARM.Collect$$rtentry$$0000000D) for __rt_entry_main
    __rtentry.o(.ARM.Collect$$rtentry$$00000000) refers (Special) to __rtentry2.o(.ARM.Collect$$rtentry$$0000000C) for __rt_entry_postli_1
    __rtentry.o(.ARM.Collect$$rtentry$$00000000) refers (Special) to __rtentry2.o(.ARM.Collect$$rtentry$$00000009) for __rt_entry_postsh_1
    __rtentry.o(.ARM.Collect$$rtentry$$00000000) refers (Special) to __rtentry2.o(.ARM.Collect$$rtentry$$00000002) for __rt_entry_presh_1
    __rtentry.o(.ARM.Collect$$rtentry$$00000000) refers (Special) to __rtentry4.o(.ARM.Collect$$rtentry$$00000004) for __rt_entry_sh
    aeabi_idiv0_sigfpe.o(.text) refers to rt_div0.o(.text) for __rt_div0
    libinit2.o(.ARM.Collect$$libinit$$0000000D) refers (Weak) to rand.o(.text) for _rand_init
    libinit2.o(.ARM.Collect$$libinit$$00000010) refers to libinit2.o(.ARM.Collect$$libinit$$0000000F) for .ARM.Collect$$libinit$$0000000F
    libinit2.o(.ARM.Collect$$libinit$$00000012) refers to libinit2.o(.ARM.Collect$$libinit$$0000000F) for .ARM.Collect$$libinit$$0000000F
    libinit2.o(.ARM.Collect$$libinit$$00000014) refers to libinit2.o(.ARM.Collect$$libinit$$0000000F) for .ARM.Collect$$libinit$$0000000F
    libinit2.o(.ARM.Collect$$libinit$$00000016) refers to libinit2.o(.ARM.Collect$$libinit$$0000000F) for .ARM.Collect$$libinit$$0000000F
    libinit2.o(.ARM.Collect$$libinit$$00000018) refers to libinit2.o(.ARM.Collect$$libinit$$0000000F) for .ARM.Collect$$libinit$$0000000F
    libinit2.o(.ARM.Collect$$libinit$$00000026) refers to argv_veneer.o(.text) for __ARM_argv_veneer
    libinit2.o(.ARM.Collect$$libinit$$00000027) refers to argv_veneer.o(.text) for __ARM_argv_veneer
    __rtentry2.o(.ARM.Collect$$rtentry$$00000008) refers to boardinit2.o(.text) for _platform_post_stackheap_init
    __rtentry2.o(.ARM.Collect$$rtentry$$0000000A) refers to libinit.o(.ARM.Collect$$libinit$$00000000) for __rt_lib_init
    __rtentry2.o(.ARM.Collect$$rtentry$$0000000B) refers to boardinit3.o(.text) for _platform_post_lib_init
    __rtentry2.o(.ARM.Collect$$rtentry$$0000000D) refers to main.o(.text) for main
    __rtentry2.o(.ARM.Collect$$rtentry$$0000000D) refers to exit.o(.text) for exit
    __rtentry2.o(.ARM.exidx) refers to __rtentry2.o(.ARM.Collect$$rtentry$$00000001) for .ARM.Collect$$rtentry$$00000001
    __rtentry2.o(.ARM.exidx) refers to __rtentry2.o(.ARM.Collect$$rtentry$$00000008) for .ARM.Collect$$rtentry$$00000008
    __rtentry2.o(.ARM.exidx) refers to __rtentry2.o(.ARM.Collect$$rtentry$$0000000A) for .ARM.Collect$$rtentry$$0000000A
    __rtentry2.o(.ARM.exidx) refers to __rtentry2.o(.ARM.Collect$$rtentry$$0000000B) for .ARM.Collect$$rtentry$$0000000B
    __rtentry2.o(.ARM.exidx) refers to __rtentry2.o(.ARM.Collect$$rtentry$$0000000D) for .ARM.Collect$$rtentry$$0000000D
    __rtentry4.o(.ARM.Collect$$rtentry$$00000004) refers to sys_stackheap_outer.o(.text) for __user_setup_stackheap
    __rtentry4.o(.ARM.exidx) refers to __rtentry4.o(.ARM.Collect$$rtentry$$00000004) for .ARM.Collect$$rtentry$$00000004
    rt_div0.o(.text) refers to defsig_fpe_outer.o(.text) for __rt_SIGFPE
    sys_stackheap_outer.o(.text) refers to libspace.o(.text) for __user_perproc_libspace
    sys_stackheap_outer.o(.text) refers to startup_mkl05z4.o(.text) for __user_initial_stackheap
    sys_stackheap_outer.o(__vectab_stack_and_reset_area) refers to tempstk.o(.text) for __temporary_stack_top
    sys_stackheap_outer.o(__vectab_stack_and_reset_area) refers to __main.o(!!!main) for __main
    exit.o(.text) refers to rtexit.o(.ARM.Collect$$rtexit$$00000000) for __rt_exit
    defsig_fpe_outer.o(.text) refers to defsig_fpe_inner.o(.text) for __rt_SIGFPE_inner
    defsig_fpe_outer.o(.text) refers to defsig_exit.o(.text) for __sig_exit
    defsig_fpe_formal.o(.text) refers to rt_raise.o(.text) for __rt_raise
    _get_argv_nomalloc.o(.text) refers (Special) to hrguard.o(.text) for __heap_region$guard
    _get_argv_nomalloc.o(.text) refers to defsig_rtmem_outer.o(.text) for __rt_SIGRTMEM
    _get_argv_nomalloc.o(.text) refers to sys_command.o(.text) for _sys_command_string
    libinit.o(.ARM.Collect$$libinit$$00000000) refers (Special) to libinit2.o(.ARM.Collect$$libinit$$0000002E) for __rt_lib_init_alloca_1
    libinit.o(.ARM.Collect$$libinit$$00000000) refers (Special) to libinit2.o(.ARM.Collect$$libinit$$0000002C) for __rt_lib_init_argv_1
    libinit.o(.ARM.Collect$$libinit$$00000000) refers (Special) to libinit2.o(.ARM.Collect$$libinit$$0000001B) for __rt_lib_init_atexit_1
    libinit.o(.ARM.Collect$$libinit$$00000000) refers (Special) to libinit2.o(.ARM.Collect$$libinit$$00000021) for __rt_lib_init_clock_1
    libinit.o(.ARM.Collect$$libinit$$00000000) refers (Special) to libinit2.o(.ARM.Collect$$libinit$$00000032) for __rt_lib_init_cpp_1
    libinit.o(.ARM.Collect$$libinit$$00000000) refers (Special) to libinit2.o(.ARM.Collect$$libinit$$00000030) for __rt_lib_init_exceptions_1
    libinit.o(.ARM.Collect$$libinit$$00000000) refers (Special) to libinit2.o(.ARM.Collect$$libinit$$00000002) for __rt_lib_init_fp_1
    libinit.o(.ARM.Collect$$libinit$$00000000) refers (Special) to libinit2.o(.ARM.Collect$$libinit$$0000001F) for __rt_lib_init_fp_trap_1
    libinit.o(.ARM.Collect$$libinit$$00000000) refers (Special) to libinit2.o(.ARM.Collect$$libinit$$00000023) for __rt_lib_init_getenv_1
    libinit.o(.ARM.Collect$$libinit$$00000000) refers (Special) to libinit2.o(.ARM.Collect$$libinit$$0000000A) for __rt_lib_init_heap_1
    libinit.o(.ARM.Collect$$libinit$$00000000) refers (Special) to libinit2.o(.ARM.Collect$$libinit$$00000011) for __rt_lib_init_lc_collate_1
    libinit.o(.ARM.Collect$$libinit$$00000000) refers (Special) to libinit2.o(.ARM.Collect$$libinit$$00000013) for __rt_lib_init_lc_ctype_1
    libinit.o(.ARM.Collect$$libinit$$00000000) refers (Special) to libinit2.o(.ARM.Collect$$libinit$$00000015) for __rt_lib_init_lc_monetary_1
    libinit.o(.ARM.Collect$$libinit$$00000000) refers (Special) to libinit2.o(.ARM.Collect$$libinit$$00000017) for __rt_lib_init_lc_numeric_1
    libinit.o(.ARM.Collect$$libinit$$00000000) refers (Special) to libinit2.o(.ARM.Collect$$libinit$$00000019) for __rt_lib_init_lc_time_1
    libinit.o(.ARM.Collect$$libinit$$00000000) refers (Special) to libinit2.o(.ARM.Collect$$libinit$$00000004) for __rt_lib_init_preinit_1
    libinit.o(.ARM.Collect$$libinit$$00000000) refers (Special) to libinit2.o(.ARM.Collect$$libinit$$0000000E) for __rt_lib_init_rand_1
    libinit.o(.ARM.Collect$$libinit$$00000000) refers (Special) to libinit2.o(.ARM.Collect$$libinit$$00000033) for __rt_lib_init_return
    libinit.o(.ARM.Collect$$libinit$$00000000) refers (Special) to libinit2.o(.ARM.Collect$$libinit$$0000001D) for __rt_lib_init_signal_1
    libinit.o(.ARM.Collect$$libinit$$00000000) refers (Special) to libinit2.o(.ARM.Collect$$libinit$$00000025) for __rt_lib_init_stdio_1
    libinit.o(.ARM.Collect$$libinit$$00000000) refers (Special) to libinit2.o(.ARM.Collect$$libinit$$0000000C) for __rt_lib_init_user_alloc_1
    sys_command.o(.text) refers (Special) to use_no_semi.o(.text) for __I$use$semihosting
    sys_command.o(.text) refers (Special) to indicate_semi.o(.text) for __semihosting_library_function
    sys_command_hlt.o(.text) refers (Special) to use_no_semi.o(.text) for __I$use$semihosting
    sys_command_hlt.o(.text) refers (Special) to indicate_semi.o(.text) for __semihosting_library_function
    libspace.o(.text) refers to libspace.o(.bss) for __libspace_start
    rtexit.o(.ARM.Collect$$rtexit$$00000000) refers (Special) to rtexit2.o(.ARM.Collect$$rtexit$$00000004) for __rt_exit_exit
    rtexit.o(.ARM.Collect$$rtexit$$00000000) refers (Special) to rtexit2.o(.ARM.Collect$$rtexit$$00000003) for __rt_exit_ls
    rtexit.o(.ARM.Collect$$rtexit$$00000000) refers (Special) to rtexit2.o(.ARM.Collect$$rtexit$$00000002) for __rt_exit_prels_1
    rtexit.o(.ARM.exidx) refers (Special) to rtexit2.o(.ARM.Collect$$rtexit$$00000004) for __rt_exit_exit
    rtexit.o(.ARM.exidx) refers (Special) to rtexit2.o(.ARM.Collect$$rtexit$$00000003) for __rt_exit_ls
    rtexit.o(.ARM.exidx) refers (Special) to rtexit2.o(.ARM.Collect$$rtexit$$00000002) for __rt_exit_prels_1
    rtexit.o(.ARM.exidx) refers to rtexit.o(.ARM.Collect$$rtexit$$00000000) for .ARM.Collect$$rtexit$$00000000
    rt_raise.o(.text) refers to __raise.o(.text) for __raise
    rt_raise.o(.text) refers to sys_exit.o(.text) for _sys_exit
    defsig_exit.o(.text) refers to sys_exit.o(.text) for _sys_exit
    defsig_fpe_inner.o(.text) refers to defsig_general.o(.text) for __default_signal_display
    defsig_rtmem_outer.o(.text) refers to defsig_rtmem_inner.o(.text) for __rt_SIGRTMEM_inner
    defsig_rtmem_outer.o(.text) refers to defsig_exit.o(.text) for __sig_exit
    defsig_rtmem_formal.o(.text) refers to rt_raise.o(.text) for __rt_raise
    sys_exit.o(.text) refers (Special) to use_no_semi.o(.text) for __I$use$semihosting
    sys_exit.o(.text) refers (Special) to indicate_semi.o(.text) for __semihosting_library_function
    sys_exit_hlt.o(.text) refers (Special) to use_no_semi.o(.text) for __I$use$semihosting
    sys_exit_hlt.o(.text) refers (Special) to indicate_semi.o(.text) for __semihosting_library_function
    rtexit2.o(.ARM.Collect$$rtexit$$00000003) refers to libshutdown.o(.ARM.Collect$$libshutdown$$00000000) for __rt_lib_shutdown
    rtexit2.o(.ARM.Collect$$rtexit$$00000004) refers to sys_exit.o(.text) for _sys_exit
    rtexit2.o(.ARM.exidx) refers to rtexit2.o(.ARM.Collect$$rtexit$$00000001) for .ARM.Collect$$rtexit$$00000001
    rtexit2.o(.ARM.exidx) refers to rtexit2.o(.ARM.Collect$$rtexit$$00000003) for .ARM.Collect$$rtexit$$00000003
    rtexit2.o(.ARM.exidx) refers to rtexit2.o(.ARM.Collect$$rtexit$$00000004) for .ARM.Collect$$rtexit$$00000004
    __raise.o(.text) refers to defsig.o(CL$$defsig) for __default_signal_handler
    defsig_general.o(.text) refers to sys_wrch.o(.text) for _ttywrch
    defsig_rtmem_inner.o(.text) refers to defsig_general.o(.text) for __default_signal_display
    sys_wrch.o(.text) refers (Special) to use_no_semi.o(.text) for __I$use$semihosting
    sys_wrch.o(.text) refers (Special) to indicate_semi.o(.text) for __semihosting_library_function
    sys_wrch_hlt.o(.text) refers (Special) to use_no_semi.o(.text) for __I$use$semihosting
    sys_wrch_hlt.o(.text) refers (Special) to indicate_semi.o(.text) for __semihosting_library_function
    defsig.o(CL$$defsig) refers to defsig_fpe_inner.o(.text) for __rt_SIGFPE_inner
    defsig.o(CL$$defsig) refers to defsig_rtmem_inner.o(.text) for __rt_SIGRTMEM_inner
    libshutdown.o(.ARM.Collect$$libshutdown$$00000000) refers (Special) to libshutdown2.o(.ARM.Collect$$libshutdown$$00000002) for __rt_lib_shutdown_cpp_1
    libshutdown.o(.ARM.Collect$$libshutdown$$00000000) refers (Special) to libshutdown2.o(.ARM.Collect$$libshutdown$$00000007) for __rt_lib_shutdown_fp_trap_1
    libshutdown.o(.ARM.Collect$$libshutdown$$00000000) refers (Special) to libshutdown2.o(.ARM.Collect$$libshutdown$$0000000F) for __rt_lib_shutdown_heap_1
    libshutdown.o(.ARM.Collect$$libshutdown$$00000000) refers (Special) to libshutdown2.o(.ARM.Collect$$libshutdown$$00000010) for __rt_lib_shutdown_return
    libshutdown.o(.ARM.Collect$$libshutdown$$00000000) refers (Special) to libshutdown2.o(.ARM.Collect$$libshutdown$$0000000A) for __rt_lib_shutdown_signal_1
    libshutdown.o(.ARM.Collect$$libshutdown$$00000000) refers (Special) to libshutdown2.o(.ARM.Collect$$libshutdown$$00000004) for __rt_lib_shutdown_stdio_1
    libshutdown.o(.ARM.Collect$$libshutdown$$00000000) refers (Special) to libshutdown2.o(.ARM.Collect$$libshutdown$$0000000C) for __rt_lib_shutdown_user_alloc_1
    defsig_abrt_inner.o(.text) refers to defsig_general.o(.text) for __default_signal_display
    defsig_rtred_inner.o(.text) refers to defsig_general.o(.text) for __default_signal_display
    defsig_stak_inner.o(.text) refers to defsig_general.o(.text) for __default_signal_display
    defsig_pvfn_inner.o(.text) refers to defsig_general.o(.text) for __default_signal_display
    defsig_cppl_inner.o(.text) refers to defsig_general.o(.text) for __default_signal_display
    defsig_segv_inner.o(.text) refers to defsig_general.o(.text) for __default_signal_display
    defsig_other.o(.text) refers to defsig_general.o(.text) for __default_signal_display


==============================================================================

Removing Unused input sections from the image.

    Removing i2c.o(.ARM.exidx), (168 bytes).
    Removing lcd1602.o(.ARM.exidx), (136 bytes).
    Removing lcd1602.o(.data.PL_CH_z__), (8 bytes).
    Removing main.o(.ARM.exidx), (32 bytes).
    Removing main.o(.ARM.use_no_argv), (4 bytes).
    Removing klaw.o(.ARM.exidx), (48 bytes).
    Removing wyniki.o(.ARM.exidx), (32 bytes).
    Removing dice.o(.ARM.exidx), (24 bytes).
    Removing lcd_ui.o(.ARM.exidx), (16 bytes).
    Removing system_mkl05z4.o(.ARM.exidx), (16 bytes).

10 unused section(s) (total 484 bytes) removed from the image.

==============================================================================

Image Symbol Table

    Local Symbols

    Symbol Name                              Value     Ov Type        Size  Object(Section)

    ../clib/angel/boardlib.s                 0x00000000   Number         0  boardinit1.o ABSOLUTE
    ../clib/angel/boardlib.s                 0x00000000   Number         0  boardinit2.o ABSOLUTE
    ../clib/angel/boardlib.s                 0x00000000   Number         0  boardinit3.o ABSOLUTE
    ../clib/angel/boardlib.s                 0x00000000   Number         0  boardshut.o ABSOLUTE
    ../clib/angel/handlers.s                 0x00000000   Number         0  __scatter_copy.o ABSOLUTE
    ../clib/angel/handlers.s                 0x00000000   Number         0  __scatter_zi.o ABSOLUTE
    ../clib/angel/kernel.s                   0x00000000   Number         0  __rtentry.o ABSOLUTE
    ../clib/angel/kernel.s                   0x00000000   Number         0  __rtentry2.o ABSOLUTE
    ../clib/angel/kernel.s                   0x00000000   Number         0  __rtentry4.o ABSOLUTE
    ../clib/angel/kernel.s                   0x00000000   Number         0  rtexit.o ABSOLUTE
    ../clib/angel/kernel.s                   0x00000000   Number         0  rtexit2.o ABSOLUTE
    ../clib/angel/rt.s                       0x00000000   Number         0  aeabi_idiv0.o ABSOLUTE
    ../clib/angel/rt.s                       0x00000000   Number         0  aeabi_idiv0_sigfpe.o ABSOLUTE
    ../clib/angel/rt.s                       0x00000000   Number         0  rt_div0.o ABSOLUTE
    ../clib/angel/rt.s                       0x00000000   Number         0  rt_raise.o ABSOLUTE
    ../clib/angel/scatterp.s                 0x00000000   Number         0  __scatter.o ABSOLUTE
    ../clib/angel/startup.s                  0x00000000   Number         0  __main.o ABSOLUTE
    ../clib/angel/sys.s                      0x00000000   Number         0  sys_stackheap_outer.o ABSOLUTE
    ../clib/angel/sys.s                      0x00000000   Number         0  libspace.o ABSOLUTE
    ../clib/angel/sys.s                      0x00000000   Number         0  tempstk.o ABSOLUTE
    ../clib/angel/sys.s                      0x00000000   Number         0  use_no_semi.o ABSOLUTE
    ../clib/angel/sys.s                      0x00000000   Number         0  indicate_semi.o ABSOLUTE
    ../clib/angel/sysapp.c                   0x00000000   Number         0  sys_command.o ABSOLUTE
    ../clib/angel/sysapp.c                   0x00000000   Number         0  sys_command_hlt.o ABSOLUTE
    ../clib/angel/sysapp.c                   0x00000000   Number         0  sys_exit.o ABSOLUTE
    ../clib/angel/sysapp.c                   0x00000000   Number         0  sys_exit_hlt.o ABSOLUTE
    ../clib/angel/sysapp.c                   0x00000000   Number         0  sys_wrch.o ABSOLUTE
    ../clib/angel/sysapp.c                   0x00000000   Number         0  sys_wrch_hlt.o ABSOLUTE
    ../clib/armsys.c                         0x00000000   Number         0  argv_veneer.o ABSOLUTE
    ../clib/armsys.c                         0x00000000   Number         0  _get_argv_nomalloc.o ABSOLUTE
    ../clib/armsys.c                         0x00000000   Number         0  no_argv.o ABSOLUTE
    ../clib/division.s                       0x00000000   Number         0  aeabi_sdivfast.o ABSOLUTE
    ../clib/division.s                       0x00000000   Number         0  aeabi_sdivfast_div0.o ABSOLUTE
    ../clib/heapalloc.c                      0x00000000   Number         0  hrguard.o ABSOLUTE
    ../clib/heapaux.c                        0x00000000   Number         0  heapauxi.o ABSOLUTE
    ../clib/libinit.s                        0x00000000   Number         0  libinit2.o ABSOLUTE
    ../clib/libinit.s                        0x00000000   Number         0  libinit.o ABSOLUTE
    ../clib/libinit.s                        0x00000000   Number         0  libshutdown.o ABSOLUTE
    ../clib/libinit.s                        0x00000000   Number         0  libshutdown2.o ABSOLUTE
    ../clib/signal.c                         0x00000000   Number         0  defsig_fpe_outer.o ABSOLUTE
    ../clib/signal.c                         0x00000000   Number         0  defsig_fpe_formal.o ABSOLUTE
    ../clib/signal.c                         0x00000000   Number         0  defsig_exit.o ABSOLUTE
    ../clib/signal.c                         0x00000000   Number         0  defsig_fpe_inner.o ABSOLUTE
    ../clib/signal.c                         0x00000000   Number         0  defsig_rtmem_outer.o ABSOLUTE
    ../clib/signal.c                         0x00000000   Number         0  defsig_rtmem_formal.o ABSOLUTE
    ../clib/signal.c                         0x00000000   Number         0  __raise.o ABSOLUTE
    ../clib/signal.c                         0x00000000   Number         0  defsig_general.o ABSOLUTE
    ../clib/signal.c                         0x00000000   Number         0  defsig_rtmem_inner.o ABSOLUTE
    ../clib/signal.c                         0x00000000   Number         0  defsig_abrt_inner.o ABSOLUTE
    ../clib/signal.c                         0x00000000   Number         0  defsig_rtred_inner.o ABSOLUTE
    ../clib/signal.c                         0x00000000   Number         0  defsig_stak_inner.o ABSOLUTE
    ../clib/signal.c                         0x00000000   Number         0  defsig_pvfn_inner.o ABSOLUTE
    ../clib/signal.c                         0x00000000   Number         0  defsig_cppl_inner.o ABSOLUTE
    ../clib/signal.c                         0x00000000   Number         0  defsig_segv_inner.o ABSOLUTE
    ../clib/signal.c                         0x00000000   Number         0  defsig_other.o ABSOLUTE
    ../clib/signal.s                         0x00000000   Number         0  defsig.o ABSOLUTE
    ../clib/stdlib.c                         0x00000000   Number         0  rand.o ABSOLUTE
    ../clib/stdlib.c                         0x00000000   Number         0  rand.o ABSOLUTE
    ../clib/stdlib.c                         0x00000000   Number         0  exit.o ABSOLUTE
    ../fplib/cfplib/fpinit.c                 0x00000000   Number         0  fpinit.o ABSOLUTE
    RTE/Device/MKL05Z32xxx4/startup_MKL05Z4.s 0x00000000   Number         0  startup_mkl05z4.o ABSOLUTE
    dc.s                                     0x00000000   Number         0  dc.o ABSOLUTE
    dice.c                                   0x00000000   Number         0  dice.o ABSOLUTE
    i2c.c                                    0x00000000   Number         0  i2c.o ABSOLUTE
    klaw.c                                   0x00000000   Number         0  klaw.o ABSOLUTE
    lcd1602.c                                0x00000000   Number         0  lcd1602.o ABSOLUTE
    lcd_ui.c                                 0x00000000   Number         0  lcd_ui.o ABSOLUTE
    main.c                                   0x00000000   Number         0  main.o ABSOLUTE
    system_MKL05Z4.c                         0x00000000   Number         0  system_mkl05z4.o ABSOLUTE
    wyniki.c                                 0x00000000   Number         0  wyniki.o ABSOLUTE
    RESET                                    0x00000000   Section      192  startup_mkl05z4.o(RESET)
    !!!main                                  0x000000c0   Section        8  __main.o(!!!main)
    !!!scatter                               0x000000c8   Section       60  __scatter.o(!!!scatter)
    !!handler_copy                           0x00000104   Section       26  __scatter_copy.o(!!handler_copy)
    !!handler_zi                             0x00000120   Section       28  __scatter_zi.o(!!handler_zi)
    .ARM.Collect$$libinit$$00000000          0x0000013c   Section        2  libinit.o(.ARM.Collect$$libinit$$00000000)
    .ARM.Collect$$libinit$$00000002          0x0000013e   Section        0  libinit2.o(.ARM.Collect$$libinit$$00000002)
    .ARM.Collect$$libinit$$00000004          0x0000013e   Section        0  libinit2.o(.ARM.Collect$$libinit$$00000004)
    .ARM.Collect$$libinit$$0000000A          0x0000013e   Section        0  libinit2.o(.ARM.Collect$$libinit$$0000000A)
    .ARM.Collect$$libinit$$0000000C          0x0000013e   Section        0  libinit2.o(.ARM.Collect$$libinit$$0000000C)
    .ARM.Collect$$libinit$$0000000D          0x0000013e   Section        4  libinit2.o(.ARM.Collect$$libinit$$0000000D)
    .ARM.Collect$$libinit$$0000000E          0x00000142   Section        0  libinit2.o(.ARM.Collect$$libinit$$0000000E)
    .ARM.Collect$$libinit$$00000011          0x00000142   Section        0  libinit2.o(.ARM.Collect$$libinit$$00000011)
    .ARM.Collect$$libinit$$00000013          0x00000142   Section        0  libinit2.o(.ARM.Collect$$libinit$$00000013)
    .ARM.Collect$$libinit$$00000015          0x00000142   Section        0  libinit2.o(.ARM.Collect$$libinit$$00000015)
    .ARM.Collect$$libinit$$00000017          0x00000142   Section        0  libinit2.o(.ARM.Collect$$libinit$$00000017)
    .ARM.Collect$$libinit$$00000019          0x00000142   Section        0  libinit2.o(.ARM.Collect$$libinit$$00000019)
    .ARM.Collect$$libinit$$0000001B          0x00000142   Section        0  libinit2.o(.ARM.Collect$$libinit$$0000001B)
    .ARM.Collect$$libinit$$0000001D          0x00000142   Section        0  libinit2.o(.ARM.Collect$$libinit$$0000001D)
    .ARM.Collect$$libinit$$0000001F          0x00000142   Section        0  libinit2.o(.ARM.Collect$$libinit$$0000001F)
    .ARM.Collect$$libinit$$00000021          0x00000142   Section        0  libinit2.o(.ARM.Collect$$libinit$$00000021)
    .ARM.Collect$$libinit$$00000023          0x00000142   Section        0  libinit2.o(.ARM.Collect$$libinit$$00000023)
    .ARM.Collect$$libinit$$00000025          0x00000142   Section        0  libinit2.o(.ARM.Collect$$libinit$$00000025)
    .ARM.Collect$$libinit$$0000002C          0x00000142   Section        0  libinit2.o(.ARM.Collect$$libinit$$0000002C)
    .ARM.Collect$$libinit$$0000002E          0x00000142   Section        0  libinit2.o(.ARM.Collect$$libinit$$0000002E)
    .ARM.Collect$$libinit$$00000030          0x00000142   Section        0  libinit2.o(.ARM.Collect$$libinit$$00000030)
    .ARM.Collect$$libinit$$00000032          0x00000142   Section        0  libinit2.o(.ARM.Collect$$libinit$$00000032)
    .ARM.Collect$$libinit$$00000033          0x00000142   Section        2  libinit2.o(.ARM.Collect$$libinit$$00000033)
    .ARM.Collect$$libshutdown$$00000000      0x00000144   Section        2  libshutdown.o(.ARM.Collect$$libshutdown$$00000000)
    .ARM.Collect$$libshutdown$$00000002      0x00000146   Section        0  libshutdown2.o(.ARM.Collect$$libshutdown$$00000002)
    .ARM.Collect$$libshutdown$$00000004      0x00000146   Section        0  libshutdown2.o(.ARM.Collect$$libshutdown$$00000004)
    .ARM.Collect$$libshutdown$$00000007      0x00000146   Section        0  libshutdown2.o(.ARM.Collect$$libshutdown$$00000007)
    .ARM.Collect$$libshutdown$$0000000A      0x00000146   Section        0  libshutdown2.o(.ARM.Collect$$libshutdown$$0000000A)
    .ARM.Collect$$libshutdown$$0000000C      0x00000146   Section        0  libshutdown2.o(.ARM.Collect$$libshutdown$$0000000C)
    .ARM.Collect$$libshutdown$$0000000F      0x00000146   Section        0  libshutdown2.o(.ARM.Collect$$libshutdown$$0000000F)
    .ARM.Collect$$libshutdown$$00000010      0x00000146   Section        2  libshutdown2.o(.ARM.Collect$$libshutdown$$00000010)
    .ARM.Collect$$rtentry$$00000000          0x00000148   Section        0  __rtentry.o(.ARM.Collect$$rtentry$$00000000)
    .ARM.Collect$$rtentry$$00000002          0x00000148   Section        0  __rtentry2.o(.ARM.Collect$$rtentry$$00000002)
    .ARM.Collect$$rtentry$$00000004          0x00000148   Section        6  __rtentry4.o(.ARM.Collect$$rtentry$$00000004)
    .ARM.Collect$$rtentry$$00000009          0x0000014e   Section        0  __rtentry2.o(.ARM.Collect$$rtentry$$00000009)
    .ARM.Collect$$rtentry$$0000000A          0x0000014e   Section        4  __rtentry2.o(.ARM.Collect$$rtentry$$0000000A)
    .ARM.Collect$$rtentry$$0000000C          0x00000152   Section        0  __rtentry2.o(.ARM.Collect$$rtentry$$0000000C)
    .ARM.Collect$$rtentry$$0000000D          0x00000152   Section        8  __rtentry2.o(.ARM.Collect$$rtentry$$0000000D)
    .ARM.Collect$$rtexit$$00000000           0x0000015a   Section        2  rtexit.o(.ARM.Collect$$rtexit$$00000000)
    .ARM.Collect$$rtexit$$00000002           0x0000015c   Section        0  rtexit2.o(.ARM.Collect$$rtexit$$00000002)
    .ARM.Collect$$rtexit$$00000003           0x0000015c   Section        4  rtexit2.o(.ARM.Collect$$rtexit$$00000003)
    .ARM.Collect$$rtexit$$00000004           0x00000160   Section        6  rtexit2.o(.ARM.Collect$$rtexit$$00000004)
    .emb_text                                0x00000168   Section       56  rand.o(.emb_text)
    [Anonymous Symbol]                       0x000001a0   Section        0  klaw.o(.text)
    __arm_cp.0_0                             0x000001bc   Number         4  klaw.o(.text)
    __arm_cp.0_1                             0x000001c0   Number         4  klaw.o(.text)
    __arm_cp.1_0                             0x000001f4   Number         4  klaw.o(.text)
    __NVIC_SetPriority                       0x000001f9   Thumb Code    20  klaw.o(.text)
    __arm_cp.2_0                             0x0000020c   Number         4  klaw.o(.text)
    __NVIC_ClearPendingIRQ                   0x00000211   Thumb Code    12  klaw.o(.text)
    __arm_cp.3_0                             0x0000021c   Number         4  klaw.o(.text)
    __NVIC_EnableIRQ                         0x00000221   Thumb Code    12  klaw.o(.text)
    __arm_cp.4_0                             0x0000022c   Number         4  klaw.o(.text)
    __arm_cp.5_0                             0x000002a8   Number         4  klaw.o(.text)
    __arm_cp.5_1                             0x000002ac   Number         4  klaw.o(.text)
    __arm_cp.5_2                             0x000002b0   Number         4  klaw.o(.text)
    __arm_cp.5_3                             0x000002b4   Number         4  klaw.o(.text)
    __arm_cp.5_4                             0x000002b8   Number         4  klaw.o(.text)
    __arm_cp.5_5                             0x000002bc   Number         4  klaw.o(.text)
    __arm_cp.5_6                             0x000002c0   Number         4  klaw.o(.text)
    [Anonymous Symbol]                       0x000002c4   Section        0  dice.o(.text)
    [Anonymous Symbol]                       0x00000340   Section        0  lcd_ui.o(.text)
    .text                                    0x000003a4   Section       52  startup_mkl05z4.o(.text)
    .text                                    0x000003d8   Section        0  heapauxi.o(.text)
    .text                                    0x000003de   Section        0  exit.o(.text)
    .text                                    0x000003f0   Section        8  libspace.o(.text)
    .text                                    0x000003f8   Section        2  use_no_semi.o(.text)
    .text                                    0x000003fa   Section        0  indicate_semi.o(.text)
    .ARM.__at_0x400                          0x00000400   Section       16  startup_mkl05z4.o(.ARM.__at_0x400)
    [Anonymous Symbol]                       0x00000410   Section        0  i2c.o(.text)
    __arm_cp.0_0                             0x00000450   Number         4  i2c.o(.text)
    __arm_cp.0_1                             0x00000454   Number         4  i2c.o(.text)
    __arm_cp.0_2                             0x00000458   Number         4  i2c.o(.text)
    __arm_cp.1_0                             0x0000048c   Number         4  i2c.o(.text)
    __arm_cp.2_0                             0x0000049c   Number         4  i2c.o(.text)
    __arm_cp.3_0                             0x000004ac   Number         4  i2c.o(.text)
    __arm_cp.4_0                             0x000004bc   Number         4  i2c.o(.text)
    __arm_cp.5_0                             0x000004c8   Number         4  i2c.o(.text)
    __arm_cp.6_0                             0x0000051c   Number         4  i2c.o(.text)
    __arm_cp.6_1                             0x00000520   Number         4  i2c.o(.text)
    __arm_cp.6_2                             0x00000524   Number         4  i2c.o(.text)
    __arm_cp.7_0                             0x00000534   Number         4  i2c.o(.text)
    __arm_cp.8_0                             0x00000544   Number         4  i2c.o(.text)
    __arm_cp.9_0                             0x00000584   Number         4  i2c.o(.text)
    __arm_cp.10_0                            0x000005d4   Number         4  i2c.o(.text)
    __arm_cp.10_1                            0x000005d8   Number         4  i2c.o(.text)
    __arm_cp.11_0                            0x000005e8   Number         4  i2c.o(.text)
    __arm_cp.12_0                            0x000005f8   Number         4  i2c.o(.text)
    __arm_cp.13_0                            0x00000604   Number         4  i2c.o(.text)
    __arm_cp.14_0                            0x00000648   Number         4  i2c.o(.text)
    __arm_cp.14_1                            0x0000064c   Number         4  i2c.o(.text)
    __arm_cp.14_2                            0x00000650   Number         4  i2c.o(.text)
    __arm_cp.15_0                            0x000006a0   Number         4  i2c.o(.text)
    __arm_cp.16_0                            0x00000714   Number         4  i2c.o(.text)
    __arm_cp.16_1                            0x00000718   Number         4  i2c.o(.text)
    __arm_cp.17_0                            0x00000728   Number         4  i2c.o(.text)
    __arm_cp.18_0                            0x00000740   Number         4  i2c.o(.text)
    __arm_cp.19_0                            0x000007ec   Number         4  i2c.o(.text)
    __arm_cp.19_1                            0x000007f0   Number         4  i2c.o(.text)
    __arm_cp.20_0                            0x00000800   Number         4  i2c.o(.text)
    [Anonymous Symbol]                       0x00000804   Section        0  lcd1602.o(.text)
    __arm_cp.0_0                             0x0000084c   Number         4  lcd1602.o(.text)
    __arm_cp.1_0                             0x00000878   Number         4  lcd1602.o(.text)
    __arm_cp.11_0                            0x000009c8   Number         4  lcd1602.o(.text)
    __arm_cp.12_0                            0x000009f0   Number         4  lcd1602.o(.text)
    __arm_cp.12_1                            0x000009f4   Number         4  lcd1602.o(.text)
    __arm_cp.14_0                            0x00000adc   Number         4  lcd1602.o(.text)
    __arm_cp.14_1                            0x00000ae0   Number         4  lcd1602.o(.text)
    __arm_cp.15_0                            0x00000b88   Number         4  lcd1602.o(.text)
    __arm_cp.15_1                            0x00000b8c   Number         4  lcd1602.o(.text)
    __arm_cp.15_2                            0x00000b90   Number         4  lcd1602.o(.text)
    __arm_cp.15_3                            0x00000b94   Number         4  lcd1602.o(.text)
    __arm_cp.15_4                            0x00000b98   Number         4  lcd1602.o(.text)
    __arm_cp.15_5                            0x00000b9c   Number         4  lcd1602.o(.text)
    __arm_cp.15_6                            0x00000ba0   Number         4  lcd1602.o(.text)
    __arm_cp.15_7                            0x00000ba4   Number         4  lcd1602.o(.text)
    [Anonymous Symbol]                       0x00000c30   Section        0  main.o(.text)
    __arm_cp.0_0                             0x00000cac   Number         4  main.o(.text)
    __arm_cp.1_0                             0x00000f18   Number         4  main.o(.text)
    __arm_cp.1_1                             0x00000f1c   Number         4  main.o(.text)
    __arm_cp.1_2                             0x00000f20   Number         4  main.o(.text)
    __arm_cp.1_3                             0x00000f24   Number         4  main.o(.text)
    __arm_cp.1_4                             0x00000f28   Number         4  main.o(.text)
    __arm_cp.1_5                             0x00000f2c   Number         4  main.o(.text)
    __arm_cp.1_6                             0x00000f30   Number         4  main.o(.text)
    __arm_cp.1_7                             0x00000f34   Number         4  main.o(.text)
    __arm_cp.1_8                             0x00000f38   Number         4  main.o(.text)
    __arm_cp.1_9                             0x00000f3c   Number         4  main.o(.text)
    __arm_cp.1_10                            0x00000f40   Number         4  main.o(.text)
    __arm_cp.1_11                            0x00000f44   Number         4  main.o(.text)
    __arm_cp.1_12                            0x00000f48   Number         4  main.o(.text)
    __arm_cp.1_13                            0x00000f4c   Number         4  main.o(.text)
    __arm_cp.1_14                            0x00000f50   Number         4  main.o(.text)
    __arm_cp.1_15                            0x00000f54   Number         4  main.o(.text)
    __arm_cp.1_16                            0x00000f58   Number         4  main.o(.text)
    __arm_cp.1_17                            0x00000f5c   Number         4  main.o(.text)
    __arm_cp.1_18                            0x00000f60   Number         4  main.o(.text)
    __arm_cp.1_19                            0x00000f64   Number         4  main.o(.text)
    __arm_cp.1_20                            0x00000f68   Number         4  main.o(.text)
    ADC_Init_Noise                           0x00000f6d   Thumb Code    44  main.o(.text)
    __arm_cp.2_0                             0x00000f98   Number         4  main.o(.text)
    __arm_cp.2_1                             0x00000f9c   Number         4  main.o(.text)
    __arm_cp.2_2                             0x00000fa0   Number         4  main.o(.text)
    ADC_Read                                 0x00000fa5   Thumb Code    20  main.o(.text)
    __arm_cp.3_0                             0x00000fb8   Number         4  main.o(.text)
    [Anonymous Symbol]                       0x00000fbc   Section        0  wyniki.o(.text)
    count_values                             0x0000116d   Thumb Code    34  wyniki.o(.text)
    [Anonymous Symbol]                       0x000011c0   Section        0  system_mkl05z4.o(.text)
    __arm_cp.0_0                             0x000011fc   Number         4  system_mkl05z4.o(.text)
    __arm_cp.0_1                             0x00001200   Number         4  system_mkl05z4.o(.text)
    __arm_cp.0_2                             0x00001204   Number         4  system_mkl05z4.o(.text)
    __arm_cp.0_3                             0x00001208   Number         4  system_mkl05z4.o(.text)
    __arm_cp.1_0                             0x000012ac   Number         4  system_mkl05z4.o(.text)
    __arm_cp.1_1                             0x000012b0   Number         4  system_mkl05z4.o(.text)
    __arm_cp.1_2                             0x000012b4   Number         4  system_mkl05z4.o(.text)
    __arm_cp.1_3                             0x000012b8   Number         4  system_mkl05z4.o(.text)
    __arm_cp.1_4                             0x000012bc   Number         4  system_mkl05z4.o(.text)
    __arm_cp.1_5                             0x000012c0   Number         4  system_mkl05z4.o(.text)
    .text                                    0x000012c4   Section        0  rand.o(.text)
    .text                                    0x00001300   Section      504  aeabi_sdivfast.o(.text)
    .text                                    0x000014f8   Section       62  sys_stackheap_outer.o(.text)
    .text                                    0x00001538   Section        0  sys_exit.o(.text)
    .text_divfast                            0x00001544   Section      502  aeabi_sdivfast.o(.text_divfast)
    [Anonymous Symbol]                       0x0000173a   Section        0  main.o(.rodata.str1.1)
    [Anonymous Symbol]                       0x00001749   Section        0  wyniki.o(.rodata.str1.1)
    lcd_backlight                            0x1ffffc44   Data           1  lcd1602.o(.data.lcd_backlight)
    [Anonymous Symbol]                       0x1ffffc44   Section        0  lcd1602.o(.data.lcd_backlight)
    .bss                                     0x1ffffc48   Section      228  rand.o(.bss)
    .bss                                     0x1ffffd2c   Section       96  libspace.o(.bss)
    error                                    0x1ffffd9d   Data           1  i2c.o(.bss.error)
    [Anonymous Symbol]                       0x1ffffd9d   Section        0  i2c.o(.bss.error)
    pcf_address                              0x1ffffd9e   Data           1  lcd1602.o(.bss.pcf_address)
    [Anonymous Symbol]                       0x1ffffd9e   Section        0  lcd1602.o(.bss.pcf_address)
    Heap_Mem                                 0x1ffffdb0   Data           0  startup_mkl05z4.o(HEAP)
    Stack_Mem                                0x1ffffdb0   Data         768  startup_mkl05z4.o(STACK)
    HEAP                                     0x1ffffdb0   Section        0  startup_mkl05z4.o(HEAP)
    STACK                                    0x1ffffdb0   Section      768  startup_mkl05z4.o(STACK)
    __initial_sp                             0x200000b0   Data           0  startup_mkl05z4.o(STACK)

    Global Symbols

    Symbol Name                              Value     Ov Type        Size  Object(Section)

    BuildAttributes$$THM_ISAv3M$S$PE$A:L22$X:L11$S22$IEEE1$IW$~IW$USESV6$~STKCKD$USESV7$~SHL$OTIME$ROPI$EBA8$UX$STANDARDLIB$REQ8$PRES8$EABIv2 0x00000000   Number         0  anon$$obj.o ABSOLUTE
    __Vectors                                0x00000000   Data           4  startup_mkl05z4.o(RESET)
    __ARM_exceptions_init                     - Undefined Weak Reference
    __alloca_initialize                       - Undefined Weak Reference
    __arm_preinit_                            - Undefined Weak Reference
    __cpp_initialize__aeabi_                  - Undefined Weak Reference
    __cxa_finalize                            - Undefined Weak Reference
    __rt_locale                               - Undefined Weak Reference
    __sigvec_lookup                           - Undefined Weak Reference
    _atexit_init                              - Undefined Weak Reference
    _call_atexit_fns                          - Undefined Weak Reference
    _clock_init                               - Undefined Weak Reference
    _fp_trap_init                             - Undefined Weak Reference
    _fp_trap_shutdown                         - Undefined Weak Reference
    _get_lc_collate                           - Undefined Weak Reference
    _get_lc_ctype                             - Undefined Weak Reference
    _get_lc_monetary                          - Undefined Weak Reference
    _get_lc_numeric                           - Undefined Weak Reference
    _get_lc_time                              - Undefined Weak Reference
    _getenv_init                              - Undefined Weak Reference
    _handle_redirection                       - Undefined Weak Reference
    _init_alloc                               - Undefined Weak Reference
    _init_user_alloc                          - Undefined Weak Reference
    _initio                                   - Undefined Weak Reference
    _signal_finish                            - Undefined Weak Reference
    _signal_init                              - Undefined Weak Reference
    _terminate_alloc                          - Undefined Weak Reference
    _terminate_user_alloc                     - Undefined Weak Reference
    _terminateio                              - Undefined Weak Reference
    __Vectors_End                            0x000000c0   Data           0  startup_mkl05z4.o(RESET)
    __Vectors_Size                           0x000000c0   Number         0  startup_mkl05z4.o ABSOLUTE
    __main                                   0x000000c1   Thumb Code     8  __main.o(!!!main)
    __scatterload                            0x000000c9   Thumb Code     0  __scatter.o(!!!scatter)
    __scatterload_rt2                        0x000000c9   Thumb Code    52  __scatter.o(!!!scatter)
    __scatterload_rt2_thumb_only             0x000000c9   Thumb Code     0  __scatter.o(!!!scatter)
    __scatterload_null                       0x000000d9   Thumb Code     0  __scatter.o(!!!scatter)
    __scatterload_copy                       0x00000105   Thumb Code    26  __scatter_copy.o(!!handler_copy)
    __scatterload_zeroinit                   0x00000121   Thumb Code    28  __scatter_zi.o(!!handler_zi)
    __rt_lib_init                            0x0000013d   Thumb Code     0  libinit.o(.ARM.Collect$$libinit$$00000000)
    __rt_lib_init_fp_1                       0x0000013f   Thumb Code     0  libinit2.o(.ARM.Collect$$libinit$$00000002)
    __rt_lib_init_heap_1                     0x0000013f   Thumb Code     0  libinit2.o(.ARM.Collect$$libinit$$0000000A)
    __rt_lib_init_preinit_1                  0x0000013f   Thumb Code     0  libinit2.o(.ARM.Collect$$libinit$$00000004)
    __rt_lib_init_rand_2                     0x0000013f   Thumb Code     0  libinit2.o(.ARM.Collect$$libinit$$0000000D)
    __rt_lib_init_user_alloc_1               0x0000013f   Thumb Code     0  libinit2.o(.ARM.Collect$$libinit$$0000000C)
    __rt_lib_init_alloca_1                   0x00000143   Thumb Code     0  libinit2.o(.ARM.Collect$$libinit$$0000002E)
    __rt_lib_init_argv_1                     0x00000143   Thumb Code     0  libinit2.o(.ARM.Collect$$libinit$$0000002C)
    __rt_lib_init_atexit_1                   0x00000143   Thumb Code     0  libinit2.o(.ARM.Collect$$libinit$$0000001B)
    __rt_lib_init_clock_1                    0x00000143   Thumb Code     0  libinit2.o(.ARM.Collect$$libinit$$00000021)
    __rt_lib_init_cpp_1                      0x00000143   Thumb Code     0  libinit2.o(.ARM.Collect$$libinit$$00000032)
    __rt_lib_init_exceptions_1               0x00000143   Thumb Code     0  libinit2.o(.ARM.Collect$$libinit$$00000030)
    __rt_lib_init_fp_trap_1                  0x00000143   Thumb Code     0  libinit2.o(.ARM.Collect$$libinit$$0000001F)
    __rt_lib_init_getenv_1                   0x00000143   Thumb Code     0  libinit2.o(.ARM.Collect$$libinit$$00000023)
    __rt_lib_init_lc_collate_1               0x00000143   Thumb Code     0  libinit2.o(.ARM.Collect$$libinit$$00000011)
    __rt_lib_init_lc_ctype_1                 0x00000143   Thumb Code     0  libinit2.o(.ARM.Collect$$libinit$$00000013)
    __rt_lib_init_lc_monetary_1              0x00000143   Thumb Code     0  libinit2.o(.ARM.Collect$$libinit$$00000015)
    __rt_lib_init_lc_numeric_1               0x00000143   Thumb Code     0  libinit2.o(.ARM.Collect$$libinit$$00000017)
    __rt_lib_init_lc_time_1                  0x00000143   Thumb Code     0  libinit2.o(.ARM.Collect$$libinit$$00000019)
    __rt_lib_init_rand_1                     0x00000143   Thumb Code     0  libinit2.o(.ARM.Collect$$libinit$$0000000E)
    __rt_lib_init_return                     0x00000143   Thumb Code     0  libinit2.o(.ARM.Collect$$libinit$$00000033)
    __rt_lib_init_signal_1                   0x00000143   Thumb Code     0  libinit2.o(.ARM.Collect$$libinit$$0000001D)
    __rt_lib_init_stdio_1                    0x00000143   Thumb Code     0  libinit2.o(.ARM.Collect$$libinit$$00000025)
    __rt_lib_shutdown                        0x00000145   Thumb Code     0  libshutdown.o(.ARM.Collect$$libshutdown$$00000000)
    __rt_lib_shutdown_cpp_1                  0x00000147   Thumb Code     0  libshutdown2.o(.ARM.Collect$$libshutdown$$00000002)
    __rt_lib_shutdown_fp_trap_1              0x00000147   Thumb Code     0  libshutdown2.o(.ARM.Collect$$libshutdown$$00000007)
    __rt_lib_shutdown_heap_1                 0x00000147   Thumb Code     0  libshutdown2.o(.ARM.Collect$$libshutdown$$0000000F)
    __rt_lib_shutdown_return                 0x00000147   Thumb Code     0  libshutdown2.o(.ARM.Collect$$libshutdown$$00000010)
    __rt_lib_shutdown_signal_1               0x00000147   Thumb Code     0  libshutdown2.o(.ARM.Collect$$libshutdown$$0000000A)
    __rt_lib_shutdown_stdio_1                0x00000147   Thumb Code     0  libshutdown2.o(.ARM.Collect$$libshutdown$$00000004)
    __rt_lib_shutdown_user_alloc_1           0x00000147   Thumb Code     0  libshutdown2.o(.ARM.Collect$$libshutdown$$0000000C)
    __rt_entry                               0x00000149   Thumb Code     0  __rtentry.o(.ARM.Collect$$rtentry$$00000000)
    __rt_entry_presh_1                       0x00000149   Thumb Code     0  __rtentry2.o(.ARM.Collect$$rtentry$$00000002)
    __rt_entry_sh                            0x00000149   Thumb Code     0  __rtentry4.o(.ARM.Collect$$rtentry$$00000004)
    __rt_entry_li                            0x0000014f   Thumb Code     0  __rtentry2.o(.ARM.Collect$$rtentry$$0000000A)
    __rt_entry_postsh_1                      0x0000014f   Thumb Code     0  __rtentry2.o(.ARM.Collect$$rtentry$$00000009)
    __rt_entry_main                          0x00000153   Thumb Code     0  __rtentry2.o(.ARM.Collect$$rtentry$$0000000D)
    __rt_entry_postli_1                      0x00000153   Thumb Code     0  __rtentry2.o(.ARM.Collect$$rtentry$$0000000C)
    __rt_exit                                0x0000015b   Thumb Code     0  rtexit.o(.ARM.Collect$$rtexit$$00000000)
    __rt_exit_ls                             0x0000015d   Thumb Code     0  rtexit2.o(.ARM.Collect$$rtexit$$00000003)
    __rt_exit_prels_1                        0x0000015d   Thumb Code     0  rtexit2.o(.ARM.Collect$$rtexit$$00000002)
    __rt_exit_exit                           0x00000161   Thumb Code     0  rtexit2.o(.ARM.Collect$$rtexit$$00000004)
    rand                                     0x00000169   Thumb Code    52  rand.o(.emb_text)
    Klaw_Init                                0x000001a1   Thumb Code    28  klaw.o(.text)
    Klaw_S1_4_Int                            0x000001c5   Thumb Code    48  klaw.o(.text)
    PORTA_IRQHandler                         0x00000231   Thumb Code   120  klaw.o(.text)
    roll_all                                 0x000002c5   Thumb Code    28  dice.o(.text)
    reroll_selected                          0x000002e1   Thumb Code    44  dice.o(.text)
    sort_desc                                0x0000030d   Thumb Code    52  dice.o(.text)
    draw_player                              0x00000341   Thumb Code    64  lcd_ui.o(.text)
    draw_cursor                              0x00000385   Thumb Code    28  lcd_ui.o(.text)
    Reset_Handler                            0x000003a5   Thumb Code     8  startup_mkl05z4.o(.text)
    NMI_Handler                              0x000003ad   Thumb Code     2  startup_mkl05z4.o(.text)
    HardFault_Handler                        0x000003af   Thumb Code     2  startup_mkl05z4.o(.text)
    SVC_Handler                              0x000003b1   Thumb Code     2  startup_mkl05z4.o(.text)
    PendSV_Handler                           0x000003b3   Thumb Code     2  startup_mkl05z4.o(.text)
    SysTick_Handler                          0x000003b5   Thumb Code     2  startup_mkl05z4.o(.text)
    ADC0_IRQHandler                          0x000003b7   Thumb Code     0  startup_mkl05z4.o(.text)
    CMP0_IRQHandler                          0x000003b7   Thumb Code     0  startup_mkl05z4.o(.text)
    DAC0_IRQHandler                          0x000003b7   Thumb Code     0  startup_mkl05z4.o(.text)
    DMA0_IRQHandler                          0x000003b7   Thumb Code     0  startup_mkl05z4.o(.text)
    DMA1_IRQHandler                          0x000003b7   Thumb Code     0  startup_mkl05z4.o(.text)
    DMA2_IRQHandler                          0x000003b7   Thumb Code     0  startup_mkl05z4.o(.text)
    DMA3_IRQHandler                          0x000003b7   Thumb Code     0  startup_mkl05z4.o(.text)
    DefaultISR                               0x000003b7   Thumb Code     0  startup_mkl05z4.o(.text)
    FTFA_IRQHandler                          0x000003b7   Thumb Code     0  startup_mkl05z4.o(.text)
    I2C0_IRQHandler                          0x000003b7   Thumb Code     0  startup_mkl05z4.o(.text)
    LLW_IRQHandler                           0x000003b7   Thumb Code     0  startup_mkl05z4.o(.text)
    LPTimer_IRQHandler                       0x000003b7   Thumb Code     0  startup_mkl05z4.o(.text)
    LVD_LVW_IRQHandler                       0x000003b7   Thumb Code     0  startup_mkl05z4.o(.text)
    MCG_IRQHandler                           0x000003b7   Thumb Code     0  startup_mkl05z4.o(.text)
    PIT_IRQHandler                           0x000003b7   Thumb Code     0  startup_mkl05z4.o(.text)
    PORTB_IRQHandler                         0x000003b7   Thumb Code     0  startup_mkl05z4.o(.text)
    RTC_IRQHandler                           0x000003b7   Thumb Code     0  startup_mkl05z4.o(.text)
    RTC_Seconds_IRQHandler                   0x000003b7   Thumb Code     0  startup_mkl05z4.o(.text)
    Reserved20_IRQHandler                    0x000003b7   Thumb Code     0  startup_mkl05z4.o(.text)
    Reserved25_IRQHandler                    0x000003b7   Thumb Code     0  startup_mkl05z4.o(.text)
    Reserved27_IRQHandler                    0x000003b7   Thumb Code     0  startup_mkl05z4.o(.text)
    Reserved29_IRQHandler                    0x000003b7   Thumb Code     0  startup_mkl05z4.o(.text)
    Reserved30_IRQHandler                    0x000003b7   Thumb Code     0  startup_mkl05z4.o(.text)
    Reserved35_IRQHandler                    0x000003b7   Thumb Code     0  startup_mkl05z4.o(.text)
    Reserved39_IRQHandler                    0x000003b7   Thumb Code     0  startup_mkl05z4.o(.text)
    Reserved40_IRQHandler                    0x000003b7   Thumb Code     0  startup_mkl05z4.o(.text)
    Reserved45_IRQHandler                    0x000003b7   Thumb Code     0  startup_mkl05z4.o(.text)
    SPI0_IRQHandler                          0x000003b7   Thumb Code     0  startup_mkl05z4.o(.text)
    TPM0_IRQHandler                          0x000003b7   Thumb Code     0  startup_mkl05z4.o(.text)
    TPM1_IRQHandler                          0x000003b7   Thumb Code     0  startup_mkl05z4.o(.text)
    TSI0_IRQHandler                          0x000003b7   Thumb Code     0  startup_mkl05z4.o(.text)
    UART0_IRQHandler                         0x000003b7   Thumb Code     0  startup_mkl05z4.o(.text)
    __user_initial_stackheap                 0x000003b9   Thumb Code     0  startup_mkl05z4.o(.text)
    __use_two_region_memory                  0x000003d9   Thumb Code     2  heapauxi.o(.text)
    __rt_heap_escrow$2region                 0x000003db   Thumb Code     2  heapauxi.o(.text)
    __rt_heap_expand$2region                 0x000003dd   Thumb Code     2  heapauxi.o(.text)
    exit                                     0x000003df   Thumb Code    16  exit.o(.text)
    __user_libspace                          0x000003f1   Thumb Code     8  libspace.o(.text)
    __user_perproc_libspace                  0x000003f1   Thumb Code     0  libspace.o(.text)
    __user_perthread_libspace                0x000003f1   Thumb Code     0  libspace.o(.text)
    __I$use$semihosting                      0x000003f9   Thumb Code     0  use_no_semi.o(.text)
    __use_no_semihosting_swi                 0x000003f9   Thumb Code     2  use_no_semi.o(.text)
    __semihosting_library_function           0x000003fb   Thumb Code     0  indicate_semi.o(.text)
    I2C_Init                                 0x00000411   Thumb Code    64  i2c.o(.text)
    I2C_Ping                                 0x0000045d   Thumb Code    48  i2c.o(.text)
    i2c_enable                               0x00000491   Thumb Code    12  i2c.o(.text)
    i2c_tran                                 0x000004a1   Thumb Code    12  i2c.o(.text)
    i2c_m_start                              0x000004b1   Thumb Code    12  i2c.o(.text)
    i2c_send                                 0x000004c1   Thumb Code     8  i2c.o(.text)
    i2c_wait                                 0x000004cd   Thumb Code    80  i2c.o(.text)
    i2c_m_stop                               0x00000529   Thumb Code    12  i2c.o(.text)
    i2c_disable                              0x00000539   Thumb Code    12  i2c.o(.text)
    I2C_Write                                0x00000549   Thumb Code    60  i2c.o(.text)
    I2C_Read                                 0x00000589   Thumb Code    76  i2c.o(.text)
    i2c_rec                                  0x000005dd   Thumb Code    12  i2c.o(.text)
    i2c_nack                                 0x000005ed   Thumb Code    12  i2c.o(.text)
    i2c_recv                                 0x000005fd   Thumb Code     8  i2c.o(.text)
    i2c_wait_rec                             0x00000609   Thumb Code    64  i2c.o(.text)
    I2C_WriteReg                             0x00000655   Thumb Code    76  i2c.o(.text)
    I2C_ReadReg                              0x000006a5   Thumb Code   112  i2c.o(.text)
    i2c_clr_IICIF                            0x0000071d   Thumb Code    12  i2c.o(.text)
    i2c_m_rstart                             0x0000072d   Thumb Code    20  i2c.o(.text)
    I2C_ReadRegBlock                         0x00000745   Thumb Code   168  i2c.o(.text)
    i2c_ack                                  0x000007f5   Thumb Code    12  i2c.o(.text)
    LCD1602_Init                             0x00000805   Thumb Code    72  lcd1602.o(.text)
    LCD1602_CheckAddress                     0x00000851   Thumb Code    40  lcd1602.o(.text)
    LCD1602_Write8                           0x0000087d   Thumb Code    40  lcd1602.o(.text)
    LCD1602_Blink_On                         0x000008a5   Thumb Code    12  lcd1602.o(.text)
    LCD1602_Blink_Off                        0x000008b1   Thumb Code    12  lcd1602.o(.text)
    LCD1602_Blink_Off_Cursor_On              0x000008bd   Thumb Code    12  lcd1602.o(.text)
    LCD1602_SetCursor                        0x000008c9   Thumb Code    30  lcd1602.o(.text)
    LCD1602_ClearAll                         0x000008e7   Thumb Code    12  lcd1602.o(.text)
    LCD1602_Print                            0x000008f3   Thumb Code    32  lcd1602.o(.text)
    LCD1602_PrintNum                         0x00000915   Thumb Code    36  lcd1602.o(.text)
    itoa                                     0x00000941   Thumb Code   118  lcd1602.o(.text)
    LCD1602_Backlight                        0x000009b9   Thumb Code    16  lcd1602.o(.text)
    PCF8574_Write                            0x000009cd   Thumb Code    36  lcd1602.o(.text)
    LCD1602_Write4                           0x000009f9   Thumb Code    26  lcd1602.o(.text)
    LCD1602_BF_AC                            0x00000a15   Thumb Code   200  lcd1602.o(.text)
    LCD1602_PL_CH                            0x00000ae5   Thumb Code   164  lcd1602.o(.text)
    LCD1602_PrintPL                          0x00000ba9   Thumb Code   136  lcd1602.o(.text)
    show_summary                             0x00000c31   Thumb Code   124  main.o(.text)
    main                                     0x00000cb9   Thumb Code   608  main.o(.text)
    rank_name                                0x00000fbd   Thumb Code    24  wyniki.o(.text)
    evaluate_hand                            0x00000ff9   Thumb Code   372  wyniki.o(.text)
    compare_hands                            0x0000118f   Thumb Code    48  wyniki.o(.text)
    SystemInit                               0x000011c1   Thumb Code    60  system_mkl05z4.o(.text)
    SystemCoreClockUpdate                    0x0000120d   Thumb Code   160  system_mkl05z4.o(.text)
    srand                                    0x000012c5   Thumb Code    44  rand.o(.text)
    _rand_init                               0x000012f1   Thumb Code     4  rand.o(.text)
    __aeabi_uidivmod                         0x00001301   Thumb Code    28  aeabi_sdivfast.o(.text)
    __aeabi_idivmod                          0x0000131d   Thumb Code   472  aeabi_sdivfast.o(.text)
    __user_setup_stackheap                   0x000014f9   Thumb Code    62  sys_stackheap_outer.o(.text)
    _sys_exit                                0x00001539   Thumb Code     8  sys_exit.o(.text)
    __aeabi_uidiv                            0x00001545   Thumb Code    68  aeabi_sdivfast.o(.text_divfast)
    __aeabi_idiv                             0x00001589   Thumb Code   434  aeabi_sdivfast.o(.text_divfast)
    Region$$Table$$Base                      0x00001784   Number         0  anon$$obj.o(Region$$Table)
    Region$$Table$$Limit                     0x000017a4   Number         0  anon$$obj.o(Region$$Table)
    PL_CH_a_                                 0x1ffffc00   Data           8  lcd1602.o(.data.PL_CH_a_)
    PL_CH_c_                                 0x1ffffc08   Data           8  lcd1602.o(.data.PL_CH_c_)
    PL_CH_e_                                 0x1ffffc10   Data           8  lcd1602.o(.data.PL_CH_e_)
    PL_CH_l_                                 0x1ffffc18   Data           8  lcd1602.o(.data.PL_CH_l_)
    PL_CH_n_                                 0x1ffffc20   Data           8  lcd1602.o(.data.PL_CH_n_)
    PL_CH_o_                                 0x1ffffc28   Data           8  lcd1602.o(.data.PL_CH_o_)
    PL_CH_s_                                 0x1ffffc30   Data           8  lcd1602.o(.data.PL_CH_s_)
    PL_CH_z_                                 0x1ffffc38   Data           8  lcd1602.o(.data.PL_CH_z_)
    SystemCoreClock                          0x1ffffc40   Data           4  system_mkl05z4.o(.data.SystemCoreClock)
    redraw                                   0x1ffffc45   Data           1  main.o(.data.redraw)
    _random_number_data                      0x1ffffc48   Data         228  rand.o(.bss)
    __libspace_start                         0x1ffffd2c   Data          96  libspace.o(.bss)
    S1_press                                 0x1ffffd8c   Data           1  klaw.o(.bss.S1_press)
    __temporary_stack_top$libspace           0x1ffffd8c   Data           0  libspace.o(.bss)
    S2_press                                 0x1ffffd8d   Data           1  klaw.o(.bss.S2_press)
    S3_press                                 0x1ffffd8e   Data           1  klaw.o(.bss.S3_press)
    S4_press                                 0x1ffffd8f   Data           1  klaw.o(.bss.S4_press)
    cursor                                   0x1ffffd90   Data           1  main.o(.bss.cursor)
    cursor_active                            0x1ffffd91   Data           1  main.o(.bss.cursor_active)
    dice_p1                                  0x1ffffd92   Data           5  main.o(.bss.dice_p1)
    dice_p2                                  0x1ffffd97   Data           5  main.o(.bss.dice_p2)
    dummy                                    0x1ffffd9c   Data           1  i2c.o(.bss.dummy)
    phase_result                             0x1ffffd9f   Data           1  main.o(.bss.phase_result)
    player                                   0x1ffffda0   Data           1  main.o(.bss.player)
    reroll_count                             0x1ffffda1   Data           1  main.o(.bss.reroll_count)
    sel_p1                                   0x1ffffda2   Data           5  main.o(.bss.sel_p1)
    sel_p2                                   0x1ffffda7   Data           5  main.o(.bss.sel_p2)



==============================================================================

Memory Map of the image

  Image Entry point : 0x000000c1

  Load Region LR_IROM1 (Base: 0x00000000, Size: 0x000017f0, Max: 0x00008000, ABSOLUTE)

    Execution Region ER_IROM1 (Exec base: 0x00000000, Load base: 0x00000000, Size: 0x000017a4, Max: 0x00008000, ABSOLUTE)

    Exec Addr    Load Addr    Size         Type   Attr      Idx    E Section Name        Object

    0x00000000   0x00000000   0x000000c0   Data   RO           91    RESET               startup_mkl05z4.o
    0x000000c0   0x000000c0   0x00000008   Code   RO          127  * !!!main             c_p.l(__main.o)
    0x000000c8   0x000000c8   0x0000003c   Code   RO          302    !!!scatter          c_p.l(__scatter.o)
    0x00000104   0x00000104   0x0000001a   Code   RO          304    !!handler_copy      c_p.l(__scatter_copy.o)
    0x0000011e   0x0000011e   0x00000002   PAD
    0x00000120   0x00000120   0x0000001c   Code   RO          306    !!handler_zi        c_p.l(__scatter_zi.o)
    0x0000013c   0x0000013c   0x00000002   Code   RO          218    .ARM.Collect$$libinit$$00000000  c_p.l(libinit.o)
    0x0000013e   0x0000013e   0x00000000   Code   RO          135    .ARM.Collect$$libinit$$00000002  c_p.l(libinit2.o)
    0x0000013e   0x0000013e   0x00000000   Code   RO          137    .ARM.Collect$$libinit$$00000004  c_p.l(libinit2.o)
    0x0000013e   0x0000013e   0x00000000   Code   RO          140    .ARM.Collect$$libinit$$0000000A  c_p.l(libinit2.o)
    0x0000013e   0x0000013e   0x00000000   Code   RO          142    .ARM.Collect$$libinit$$0000000C  c_p.l(libinit2.o)
    0x0000013e   0x0000013e   0x00000004   Code   RO          143    .ARM.Collect$$libinit$$0000000D  c_p.l(libinit2.o)
    0x00000142   0x00000142   0x00000000   Code   RO          144    .ARM.Collect$$libinit$$0000000E  c_p.l(libinit2.o)
    0x00000142   0x00000142   0x00000000   Code   RO          147    .ARM.Collect$$libinit$$00000011  c_p.l(libinit2.o)
    0x00000142   0x00000142   0x00000000   Code   RO          149    .ARM.Collect$$libinit$$00000013  c_p.l(libinit2.o)
    0x00000142   0x00000142   0x00000000   Code   RO          151    .ARM.Collect$$libinit$$00000015  c_p.l(libinit2.o)
    0x00000142   0x00000142   0x00000000   Code   RO          153    .ARM.Collect$$libinit$$00000017  c_p.l(libinit2.o)
    0x00000142   0x00000142   0x00000000   Code   RO          155    .ARM.Collect$$libinit$$00000019  c_p.l(libinit2.o)
    0x00000142   0x00000142   0x00000000   Code   RO          157    .ARM.Collect$$libinit$$0000001B  c_p.l(libinit2.o)
    0x00000142   0x00000142   0x00000000   Code   RO          159    .ARM.Collect$$libinit$$0000001D  c_p.l(libinit2.o)
    0x00000142   0x00000142   0x00000000   Code   RO          161    .ARM.Collect$$libinit$$0000001F  c_p.l(libinit2.o)
    0x00000142   0x00000142   0x00000000   Code   RO          163    .ARM.Collect$$libinit$$00000021  c_p.l(libinit2.o)
    0x00000142   0x00000142   0x00000000   Code   RO          165    .ARM.Collect$$libinit$$00000023  c_p.l(libinit2.o)
    0x00000142   0x00000142   0x00000000   Code   RO          167    .ARM.Collect$$libinit$$00000025  c_p.l(libinit2.o)
    0x00000142   0x00000142   0x00000000   Code   RO          171    .ARM.Collect$$libinit$$0000002C  c_p.l(libinit2.o)
    0x00000142   0x00000142   0x00000000   Code   RO          173    .ARM.Collect$$libinit$$0000002E  c_p.l(libinit2.o)
    0x00000142   0x00000142   0x00000000   Code   RO          175    .ARM.Collect$$libinit$$00000030  c_p.l(libinit2.o)
    0x00000142   0x00000142   0x00000000   Code   RO          177    .ARM.Collect$$libinit$$00000032  c_p.l(libinit2.o)
    0x00000142   0x00000142   0x00000002   Code   RO          178    .ARM.Collect$$libinit$$00000033  c_p.l(libinit2.o)
    0x00000144   0x00000144   0x00000002   Code   RO          269    .ARM.Collect$$libshutdown$$00000000  c_p.l(libshutdown.o)
    0x00000146   0x00000146   0x00000000   Code   RO          285    .ARM.Collect$$libshutdown$$00000002  c_p.l(libshutdown2.o)
    0x00000146   0x00000146   0x00000000   Code   RO          287    .ARM.Collect$$libshutdown$$00000004  c_p.l(libshutdown2.o)
    0x00000146   0x00000146   0x00000000   Code   RO          290    .ARM.Collect$$libshutdown$$00000007  c_p.l(libshutdown2.o)
    0x00000146   0x00000146   0x00000000   Code   RO          293    .ARM.Collect$$libshutdown$$0000000A  c_p.l(libshutdown2.o)
    0x00000146   0x00000146   0x00000000   Code   RO          295    .ARM.Collect$$libshutdown$$0000000C  c_p.l(libshutdown2.o)
    0x00000146   0x00000146   0x00000000   Code   RO          298    .ARM.Collect$$libshutdown$$0000000F  c_p.l(libshutdown2.o)
    0x00000146   0x00000146   0x00000002   Code   RO          299    .ARM.Collect$$libshutdown$$00000010  c_p.l(libshutdown2.o)
    0x00000148   0x00000148   0x00000000   Code   RO          129    .ARM.Collect$$rtentry$$00000000  c_p.l(__rtentry.o)
    0x00000148   0x00000148   0x00000000   Code   RO          180    .ARM.Collect$$rtentry$$00000002  c_p.l(__rtentry2.o)
    0x00000148   0x00000148   0x00000006   Code   RO          192    .ARM.Collect$$rtentry$$00000004  c_p.l(__rtentry4.o)
    0x0000014e   0x0000014e   0x00000000   Code   RO          182    .ARM.Collect$$rtentry$$00000009  c_p.l(__rtentry2.o)
    0x0000014e   0x0000014e   0x00000004   Code   RO          183    .ARM.Collect$$rtentry$$0000000A  c_p.l(__rtentry2.o)
    0x00000152   0x00000152   0x00000000   Code   RO          185    .ARM.Collect$$rtentry$$0000000C  c_p.l(__rtentry2.o)
    0x00000152   0x00000152   0x00000008   Code   RO          186    .ARM.Collect$$rtentry$$0000000D  c_p.l(__rtentry2.o)
    0x0000015a   0x0000015a   0x00000002   Code   RO          227    .ARM.Collect$$rtexit$$00000000  c_p.l(rtexit.o)
    0x0000015c   0x0000015c   0x00000000   Code   RO          249    .ARM.Collect$$rtexit$$00000002  c_p.l(rtexit2.o)
    0x0000015c   0x0000015c   0x00000004   Code   RO          250    .ARM.Collect$$rtexit$$00000003  c_p.l(rtexit2.o)
    0x00000160   0x00000160   0x00000006   Code   RO          251    .ARM.Collect$$rtexit$$00000004  c_p.l(rtexit2.o)
    0x00000166   0x00000166   0x00000002   PAD
    0x00000168   0x00000168   0x00000038   Code   RO          112    .emb_text           c_p.l(rand.o)
    0x000001a0   0x000001a0   0x00000124   Code   RO           51    .text               klaw.o
    0x000002c4   0x000002c4   0x0000007c   Code   RO           73    .text               dice.o
    0x00000340   0x00000340   0x00000064   Code   RO           81    .text               lcd_ui.o
    0x000003a4   0x000003a4   0x00000034   Code   RO           93    .text               startup_mkl05z4.o
    0x000003d8   0x000003d8   0x00000006   Code   RO          125    .text               c_p.l(heapauxi.o)
    0x000003de   0x000003de   0x00000010   Code   RO          203    .text               c_p.l(exit.o)
    0x000003ee   0x000003ee   0x00000002   PAD
    0x000003f0   0x000003f0   0x00000008   Code   RO          223    .text               c_p.l(libspace.o)
    0x000003f8   0x000003f8   0x00000002   Code   RO          245    .text               c_p.l(use_no_semi.o)
    0x000003fa   0x000003fa   0x00000000   Code   RO          247    .text               c_p.l(indicate_semi.o)
    0x000003fa   0x000003fa   0x00000006   PAD
    0x00000400   0x00000400   0x00000010   Code   RO           92    .ARM.__at_0x400     startup_mkl05z4.o
    0x00000410   0x00000410   0x000003f4   Code   RO            1    .text               i2c.o
    0x00000804   0x00000804   0x0000042c   Code   RO           11    .text               lcd1602.o
    0x00000c30   0x00000c30   0x0000038c   Code   RO           30    .text               main.o
    0x00000fbc   0x00000fbc   0x00000202   Code   RO           63    .text               wyniki.o
    0x000011be   0x000011be   0x00000002   PAD
    0x000011c0   0x000011c0   0x00000104   Code   RO          101    .text               system_mkl05z4.o
    0x000012c4   0x000012c4   0x0000003c   Code   RO          113    .text               c_p.l(rand.o)
    0x00001300   0x00001300   0x000001f8   Code   RO          117    .text               c_p.l(aeabi_sdivfast.o)
    0x000014f8   0x000014f8   0x0000003e   Code   RO          200    .text               c_p.l(sys_stackheap_outer.o)
    0x00001536   0x00001536   0x00000002   PAD
    0x00001538   0x00001538   0x0000000c   Code   RO          241    .text               c_p.l(sys_exit.o)
    0x00001544   0x00001544   0x000001f6   Code   RO          118    .text_divfast       c_p.l(aeabi_sdivfast.o)
    0x0000173a   0x0000173a   0x0000000f   Data   RO           40    .rodata.str1.1      main.o
    0x00001749   0x00001749   0x0000003a   Data   RO           65    .rodata.str1.1      wyniki.o
    0x00001783   0x00001783   0x00000001   PAD
    0x00001784   0x00001784   0x00000020   Data   RO          301    Region$$Table       anon$$obj.o


    Execution Region RW_IRAM1 (Exec base: 0x1ffffc00, Load base: 0x000017a8, Size: 0x000004b0, Max: 0x00001000, ABSOLUTE)

    Exec Addr    Load Addr    Size         Type   Attr      Idx    E Section Name        Object

    0x1ffffc00   0x000017a8   0x00000008   Data   RW           13    .data.PL_CH_a_      lcd1602.o
    0x1ffffc08   0x000017b0   0x00000008   Data   RW           14    .data.PL_CH_c_      lcd1602.o
    0x1ffffc10   0x000017b8   0x00000008   Data   RW           15    .data.PL_CH_e_      lcd1602.o
    0x1ffffc18   0x000017c0   0x00000008   Data   RW           16    .data.PL_CH_l_      lcd1602.o
    0x1ffffc20   0x000017c8   0x00000008   Data   RW           17    .data.PL_CH_n_      lcd1602.o
    0x1ffffc28   0x000017d0   0x00000008   Data   RW           18    .data.PL_CH_o_      lcd1602.o
    0x1ffffc30   0x000017d8   0x00000008   Data   RW           19    .data.PL_CH_s_      lcd1602.o
    0x1ffffc38   0x000017e0   0x00000008   Data   RW           20    .data.PL_CH_z_      lcd1602.o
    0x1ffffc40   0x000017e8   0x00000004   Data   RW          103    .data.SystemCoreClock  system_mkl05z4.o
    0x1ffffc44   0x000017ec   0x00000001   Data   RW           22    .data.lcd_backlight  lcd1602.o
    0x1ffffc45   0x000017ed   0x00000001   Data   RW           39    .data.redraw        main.o
    0x1ffffc46   0x000017ee   0x00000002   PAD
    0x1ffffc48        -       0x000000e4   Zero   RW          114    .bss                c_p.l(rand.o)
    0x1ffffd2c        -       0x00000060   Zero   RW          224    .bss                c_p.l(libspace.o)
    0x1ffffd8c        -       0x00000001   Zero   RW           53    .bss.S1_press       klaw.o
    0x1ffffd8d        -       0x00000001   Zero   RW           54    .bss.S2_press       klaw.o
    0x1ffffd8e        -       0x00000001   Zero   RW           55    .bss.S3_press       klaw.o
    0x1ffffd8f        -       0x00000001   Zero   RW           56    .bss.S4_press       klaw.o
    0x1ffffd90        -       0x00000001   Zero   RW           34    .bss.cursor         main.o
    0x1ffffd91        -       0x00000001   Zero   RW           36    .bss.cursor_active  main.o
    0x1ffffd92        -       0x00000005   Zero   RW           41    .bss.dice_p1        main.o
    0x1ffffd97        -       0x00000005   Zero   RW           42    .bss.dice_p2        main.o
    0x1ffffd9c        -       0x00000001   Zero   RW            4    .bss.dummy          i2c.o
    0x1ffffd9d        -       0x00000001   Zero   RW            3    .bss.error          i2c.o
    0x1ffffd9e        -       0x00000001   Zero   RW           23    .bss.pcf_address    lcd1602.o
    0x1ffffd9f        -       0x00000001   Zero   RW           38    .bss.phase_result   main.o
    0x1ffffda0        -       0x00000001   Zero   RW           35    .bss.player         main.o
    0x1ffffda1        -       0x00000001   Zero   RW           37    .bss.reroll_count   main.o
    0x1ffffda2        -       0x00000005   Zero   RW           32    .bss.sel_p1         main.o
    0x1ffffda7        -       0x00000005   Zero   RW           33    .bss.sel_p2         main.o
    0x1ffffdac   0x000017ee   0x00000004   PAD
    0x1ffffdb0        -       0x00000000   Zero   RW           90    HEAP                startup_mkl05z4.o
    0x1ffffdb0        -       0x00000300   Zero   RW           89    STACK               startup_mkl05z4.o


==============================================================================

Image component sizes


      Code (inc. data)   RO Data    RW Data    ZI Data      Debug   Object Name

       124          0          0          0          0       1140   dice.o
      1012        120          0          0          2       4807   i2c.o
       292         52          0          0          4       4055   klaw.o
      1068         94          0         65          1       4813   lcd1602.o
       100          8          0          0          0       1201   lcd_ui.o
       908        112         15          1         25       4205   main.o
        68         38        192          0        768        904   startup_mkl05z4.o
       260         48          0          4          0       2323   system_mkl05z4.o
       514         36         58          0          0       2558   wyniki.o

    ----------------------------------------------------------------------
      4348        508        298         72        804      26006   Object Totals
         0          0         32          0          0          0   (incl. Generated)
         2          0          1          2          4          0   (incl. Padding)

    ----------------------------------------------------------------------

      Code (inc. data)   RO Data    RW Data    ZI Data      Debug   Library Member Name

         8          0          0          0          0         68   __main.o
         0          0          0          0          0          0   __rtentry.o
        12          0          0          0          0          0   __rtentry2.o
         6          0          0          0          0          0   __rtentry4.o
        60          8          0          0          0          0   __scatter.o
        26          0          0          0          0          0   __scatter_copy.o
        28          0          0          0          0          0   __scatter_zi.o
      1006          4          0          0          0        184   aeabi_sdivfast.o
        16          0          0          0          0         68   exit.o
         6          0          0          0          0        136   heapauxi.o
         0          0          0          0          0          0   indicate_semi.o
         2          0          0          0          0          0   libinit.o
         6          0          0          0          0          0   libinit2.o
         2          0          0          0          0          0   libshutdown.o
         2          0          0          0          0          0   libshutdown2.o
         8          4          0          0         96         68   libspace.o
       116         16          0          0        228        156   rand.o
         2          0          0          0          0          0   rtexit.o
        10          0          0          0          0          0   rtexit2.o
        12          4          0          0          0         60   sys_exit.o
        62          0          0          0          0         80   sys_stackheap_outer.o
         2          0          0          0          0         68   use_no_semi.o

    ----------------------------------------------------------------------
      1406         36          0          0        324        888   Library Totals
        14          0          0          0          0          0   (incl. Padding)

    ----------------------------------------------------------------------

      Code (inc. data)   RO Data    RW Data    ZI Data      Debug   Library Name

      1392         36          0          0        324        888   c_p.l

    ----------------------------------------------------------------------
      1406         36          0          0        324        888   Library Totals

    ----------------------------------------------------------------------

==============================================================================


      Code (inc. data)   RO Data    RW Data    ZI Data      Debug   

      5754        544        298         72       1128      26462   Grand Totals
      5754        544        298         72       1128      26462   ELF Image Totals
      5754        544        298         72          0          0   ROM Totals

==============================================================================

    Total RO  Size (Code + RO Data)                 6052 (   5.91kB)
    Total RW  Size (RW Data + ZI Data)              1200 (   1.17kB)
    Total ROM Size (Code + RO Data + RW Data)       6124 (   5.98kB)

==============================================================================

